NVM_INC=/Users/dare/.nvm/versions/node/v16.18.1/include/node
MANPATH=/Users/dare/.nvm/versions/node/v16.18.1/share/man:/opt/homebrew/share/man:/usr/share/man:/usr/local/share/man:/Users/dare/.nvm/versions/node/v16.18.1/share/man:/opt/homebrew/share/man::
TERM_PROGRAM=vscode
NVM_CD_FLAGS=-q
TERM=xterm-256color
SHELL=/bin/zsh
HOMEBREW_REPOSITORY=/opt/homebrew
TMPDIR=/var/folders/8n/xr590hbx69d6kscrkj6dr_y80000gn/T/
TERM_PROGRAM_VERSION=1.78.0
__GIT_PROMPT_DIR=/Users/dare/Git/zsh-git-prompt
ZDOTDIR=/Users/dare
ORIGINAL_XDG_CURRENT_DESKTOP=undefined
MallocNanoZone=0
TERM_SESSION_ID=7735690A-7B64-45BD-B455-6F083ED3BD3A
NVM_DIR=/Users/dare/.nvm
USER=dare
COMMAND_MODE=unix2003
SSH_AUTH_SOCK=/private/tmp/com.apple.launchd.k6oaoHBnWh/Listeners
__CF_USER_TEXT_ENCODING=0x1F5:0x0:0x0
VIRTUAL_ENV=/Users/dare/Python/airsnap/venv
PATH=/Users/dare/Python/airsnap/venv/bin:/Users/dare/.poetry/bin:/Users/dare/.nvm/versions/node/v16.18.1/bin:/opt/homebrew/bin:/opt/homebrew/sbin:/usr/local/bin:/System/Cryptexes/App/usr/bin:/usr/bin:/bin:/usr/sbin:/sbin:/Library/Apple/usr/bin:/var/run/com.apple.security.cryptexd/codex.system/bootstrap/usr/local/bin:/var/run/com.apple.security.cryptexd/codex.system/bootstrap/usr/bin:/var/run/com.apple.security.cryptexd/codex.system/bootstrap/usr/appleinternal/bin:/Users/dare/Python/airsnap/venv/bin:/Users/dare/.poetry/bin:/Users/dare/.nvm/versions/node/v16.18.1/bin:/opt/homebrew/bin:/opt/homebrew/sbin
_=/usr/bin/printenv
LaunchInstanceID=8C350BE2-D5BD-4C55-9A52-3472FE87C294
USER_ZDOTDIR=/Users/dare
__CFBundleIdentifier=com.microsoft.VSCode
PWD=/Users/dare/Python/airsnap
LANG=en_US.UTF-8
GIT_PROMPT_EXECUTABLE=python
VSCODE_GIT_ASKPASS_EXTRA_ARGS=--ms-enable-electron-run-as-node
XPC_FLAGS=0x0
XPC_SERVICE_NAME=0
VSCODE_INJECTION=1
SHLVL=4
HOME=/Users/dare
VSCODE_GIT_ASKPASS_MAIN=/Applications/Visual Studio Code.app/Contents/Resources/app/extensions/git/dist/askpass-main.js
HOMEBREW_PREFIX=/opt/homebrew
LOGNAME=dare
VSCODE_GIT_IPC_HANDLE=/var/folders/8n/xr590hbx69d6kscrkj6dr_y80000gn/T/vscode-git-5a859e43b9.sock
NVM_BIN=/Users/dare/.nvm/versions/node/v16.18.1/bin
VSCODE_GIT_ASKPASS_NODE=/Applications/Visual Studio Code.app/Contents/Frameworks/Code Helper (Plugin).app/Contents/MacOS/Code Helper (Plugin)
GIT_ASKPASS=/Applications/Visual Studio Code.app/Contents/Resources/app/extensions/git/dist/askpass.sh
HOMEBREW_CELLAR=/opt/homebrew/Cellar
INFOPATH=/opt/homebrew/share/info:/opt/homebrew/share/info:
SECURITYSESSIONID=186a4
VIRTUAL_ENV_PROMPT=(venv) 
COLORTERM=truecolor
